
> mindbridge-temp@0.1.0 build
> next build

Ôû▓ Next.js 16.1.6 (Turbopack)
- Environments: .env

  Creating an optimized production build ...
Ô£ô Compiled successfully in 14.5s
  Running TypeScript ...
node.exe : Failed to 
compile.
At line:1 char:1
+ & "C:\Program 
Files\nodejs/node.exe" 
"C:\Program 
Files\nodejs/node_mo ...
+ ~~~~~~~~~~~~~~~~~~~~~~~~~
~~~~~~~~~~~~~~~~~~~~~~~~~~~
~~~~~~~~~~~~~~~~~
    + CategoryInfo         
     : NotSpecified: (Fai  
  led to compile.:String   
 ) [], RemoteException
    + FullyQualifiedErrorI 
   d : NativeCommandError
 

./src/components/onboarding
/steps/Step10Goals.tsx:7:51
Type error: Cannot find 
name 'Brain'.

[0m [90m  5 |[39m
 [90m  6 |[39m 
[36mconst[39m 
goalOptions [33m=[39m [
[31m[1m>[22m[39m[90m  
7 |[39m   { 
label[33m:[39m 
[32m"Better understand my 
emotions"[39m[33m,[39m 
icon[33m:[39m 
[33mBrain[39m 
}[33m,[39m
 [90m    |[39m           
                           
             
[31m[1m^[22m[39m
 [90m  8 |[39m   { 
label[33m:[39m 
[32m"Reduce stress and 
anxiety"[39m[33m,[39m 
icon[33m:[39m 
[33mShield[39m 
}[33m,[39m
 [90m  9 |[39m   { 
label[33m:[39m 
[32m"Improve my 
mood"[39m[33m,[39m 
icon[33m:[39m 
[33mTrendingUp[39m 
}[33m,[39m
 [90m 10 |[39m   { 
label[33m:[39m 
[32m"Build resilience"[39
m[33m,[39m 
icon[33m:[39m 
[33mActivity[39m 
}[33m,[39m[0m
Next.js build worker 
exited with code: 1 and 
signal: null
