src/components/mood/MoodTimeline.tsx(223,61): error TS2322: Type '"destructive"' is not assignable to type '"outline" | "primary" | "secondary" | "ghost" | "glass" | null | undefined'.
