
> server@1.0.0 test
> jest src/__tests__/unit/ai-services.test.ts --verbose

node.exe : FAIL src/__tests__/unit/
ai-services.test.ts
At line:1 char:1
+ & "C:\Program 
Files\nodejs/node.exe" "C:\Program 
Files\nodejs/node_mo ...
+ ~~~~~~~~~~~~~~~~~~~~~~~~~~~~~~~~~
~~~~~~~~~~~~~~~~~~~~~~~~~~~~~~~~~~~
~
    + CategoryInfo          : NotS 
   pecified: (FAIL src/__test...e  
  rvices.test.ts:String) [], Rem   
 oteException
    + FullyQualifiedErrorId : Nati 
   veCommandError
 
  ÔùÅ Test suite failed to run

    TypeError: 
modelRouterService_1.ModelRouter 
is not a constructor

    [0m [90m 33 |[39m     
[36mconst[39m contextEngine 
[33m=[39m [36mnew[39m [33mCont
extEngineService[39m()[33m;[39m
     [90m 34 |[39m     
[36mconst[39m safetyModerator 
[33m=[39m [36mnew[39m [33mSafe
tyModeratorService[39m()[33m;[39
m
    [31m[1m>[22m[39m[90m 35 
|[39m     [36mconst[39m 
modelRouter [33m=[39m 
[36mnew[39m 
[33mModelRouter[39m()[33m;[39m
     [90m    |[39m               
          [31m[1m^[22m[39m
     [90m 36 |[39m
     [90m 37 |[39m     
[36mconst[39m mockUserId 
[33m=[39m 
[32m'test-user-id'[39m[33m;[39m
     [90m 38 |[39m     
[36mconst[39m mockUser 
[33m=[39m {[0m

      at src/__tests__/unit/ai-serv
ices.test.ts:35:25
      at Object.<anonymous> (src/__
tests__/unit/ai-services.test.ts:32
:1)

Test Suites: 1 failed, 1 total
Tests:       0 total
Snapshots:   0 total
Time:        0.743 s
Ran all test suites matching src/__
tests__/unit/ai-services.test.ts.
