src/controllers/authController.ts(35,17): error TS2353: Object literal may only specify known properties, and 'verificationToken' does not exist in type '(Without<UserCreateInput, UserUncheckedCreateInput> & UserUncheckedCreateInput) | (Without<...> & UserCreateInput)'.
src/controllers/authController.ts(65,19): error TS2339: Property 'isVerified' does not exist on type '{ name: string | null; id: string; email: string; password: string | null; institution: string | null; studentId: string | null; course: string | null; phoneNumber: string | null; createdAt: Date; updatedAt: Date; }'.
src/controllers/authController.ts(102,23): error TS2353: Object literal may only specify known properties, and 'googleId' does not exist in type 'UserWhereInput'.
src/controllers/authController.ts(112,21): error TS2353: Object literal may only specify known properties, and 'googleId' does not exist in type '(Without<UserCreateInput, UserUncheckedCreateInput> & UserUncheckedCreateInput) | (Without<...> & UserCreateInput)'.
src/controllers/authController.ts(117,26): error TS2339: Property 'googleId' does not exist on type '{ name: string | null; id: string; email: string; password: string | null; institution: string | null; studentId: string | null; course: string | null; phoneNumber: string | null; createdAt: Date; updatedAt: Date; }'.
src/controllers/authController.ts(121,25): error TS2353: Object literal may only specify known properties, and 'googleId' does not exist in type '(Without<UserUpdateInput, UserUncheckedUpdateInput> & UserUncheckedUpdateInput) | (Without<...> & UserUpdateInput)'.
src/controllers/authController.ts(143,22): error TS2353: Object literal may only specify known properties, and 'verificationToken' does not exist in type 'UserWhereInput'.
src/controllers/authController.ts(153,17): error TS2353: Object literal may only specify known properties, and 'isVerified' does not exist in type '(Without<UserUpdateInput, UserUncheckedUpdateInput> & UserUncheckedUpdateInput) | (Without<...> & UserUpdateInput)'.
